
============================================================
CTI Report Generator - QUARTERLY
============================================================
Data Source: REAL (API feeds + AI analysis)
Output: Local (.)


ΓåÆ Connecting to Azure Key Vault...
Γ£ô Credentials retrieved
Γ£ô Azure OpenAI is reachable

≡ƒôè Collecting Threat Intelligence
Γ£ô NVD: 51 records
Γ£ô Intel471: 40 records
Γ£ô CrowdStrike: 49 records
Γ£ô OSINT: 50 records
Γ£ô Illumina-OSINT: 1 records

≡ƒöì Enriching CVE Data
ΓåÆ Checking CISA KEV catalog...
Γ£ô Enriched 51 CVEs

≡ƒñû AI-Powered Analysis
ΓåÆ Initializing threat analyst agent...
ΓåÆ Running strategic analysis...
python : Validation FAILED with 1 critical issues:
At C:\Users\aparker\AppData\Local\Temp\ps-script-dd7fcf53-f1e5-497d-8b19-b768eb88e286.ps1:84 char:1
+ python test_local.py quarterly --local --real 2>&1 | Tee-Object -File ...
+ ~~~~~~~~~~~~~~~~~~~~~~~~~~~~~~~~~~~~~~~~~~~~~~~~~~
    + CategoryInfo          : NotSpecified: (Validation FAIL...ritical issues::String) [], RemoteException
    + FullyQualifiedErrorId : NativeCommandError
 
  Γ¥î Data Exposure notable_example uses generic term 'research institute': "Genomics research institute: 2.3M patient 
samples accessed via misconfigured database"
AI output failed validation checks
Validation summary: Γ¥î 1 critical issue(s) | ΓÜá∩╕Å  3 warning(s)
Γ£ô Analysis complete

≡ƒöÆ Gate Framework Validation

ΓöÇΓöÇ Gate Framework Summary ΓöÇΓöÇΓöÇΓöÇΓöÇΓöÇΓöÇΓöÇΓöÇΓöÇΓöÇΓöÇΓöÇΓöÇΓöÇΓöÇΓöÇΓöÇΓöÇΓöÇΓöÇΓöÇΓöÇΓöÇΓöÇΓöÇΓöÇΓöÇΓöÇΓöÇ
Gate 1   (Tier 1 Source Inventory       ): COMPLETE
Gate 1A  (Statistics Validation         ): COMPLETE
Gate 1B  (OSINT Article Triage          ): COMPLETE
Gate 2   (IOC Extraction                ): COMPLETE
Gate 3   (Actor Linkage                 ): COMPLETE
Gate 4   (Structured Assembly           ): COMPLETE
Gate 5   (Report Draft                  ): COMPLETE
Gate 1C  (Technology Coherence          ): COMPLETE
Gate 1D  (Source Attribution            ): COMPLETE
Gate 6   (Adversarial Review            ): PASS

Track A findings: 0
Track B findings: 3
  [B1] Coverage Gap (informational): [NO ARTICLES] Google Threat Analysis Group: no articles in lookback window
  [B2] Coverage Gap (informational): [NO ARTICLES] Mandiant Blog: no articles in lookback window
  [B3] Coverage Gap (informational): [NO ARTICLES] Rapid7 Blog: no articles in lookback window


≡ƒôä Generating Report
ΓåÆ Creating document...
Γ£ô Document created

============================================================
Γ£ù ERROR
============================================================
Failed to generate report: [Errno 13] Permission denied: 'CTI_Quarterly_Strategic_Brief_2026-05-31.docx'

